{"timestamp":"2026-09-13 10:10:14","level":"INFO","message":"Successful login","context":{"username":"454"},"ip":"::1","uri":"\/Money%20Collection%202K\/backend\/auth\/login.php"}
{"timestamp":"2026-09-13 10:10:14","level":"INFO","message":"Successful login","context":{"username":"18102024"},"ip":"::1","uri":"\/Money%20Collection%202K\/backend\/auth\/login.php"}
{"timestamp":"2026-09-13 10:14:27","level":"INFO","message":"Auto-hashed plain text password for admin","context":{"username":"454"},"ip":"::1","uri":"\/Money%20Collection%202K\/backend\/auth\/login.php"}
{"timestamp":"2026-09-13 10:14:27","level":"INFO","message":"Successful login","context":{"username":"454"},"ip":"::1","uri":"\/Money%20Collection%202K\/backend\/auth\/login.php"}
{"timestamp":"2026-09-13 10:14:27","level":"INFO","message":"Successful login","context":{"username":"454"},"ip":"::1","uri":"\/Money%20Collection%202K\/backend\/auth\/login.php"}
{"timestamp":"2026-09-13 10:14:27","level":"INFO","message":"Auto-hashed plain text password for admin","context":{"username":"18102024"},"ip":"::1","uri":"\/Money%20Collection%202K\/backend\/auth\/login.php"}
{"timestamp":"2026-09-13 10:14:27","level":"INFO","message":"Successful login","context":{"username":"18102024"},"ip":"::1","uri":"\/Money%20Collection%202K\/backend\/auth\/login.php"}
{"timestamp":"2026-09-13 12:54:53","level":"INFO","message":"Successful login","context":{"username":"454"},"ip":"::1","uri":"\/Money%20Collection%202K\/backend\/auth\/login.php"}
{"timestamp":"2026-09-13 12:55:06","level":"INFO","message":"Auto-hashed plain text password for admin","context":{"username":"454"},"ip":"::1","uri":"\/Money%20Collection%202K\/backend\/auth\/login.php"}
{"timestamp":"2026-09-13 12:55:06","level":"INFO","message":"Successful login","context":{"username":"454"},"ip":"::1","uri":"\/Money%20Collection%202K\/backend\/auth\/login.php"}
{"timestamp":"2026-09-13 14:06:12","level":"INFO","message":"Successful login","context":{"username":"454"},"ip":"::1","uri":"\/Money%20Collection%202K\/auth\/login"}
{"timestamp":"2026-09-13 14:12:28","level":"WARNING","message":"Failed login attempt","context":{"ip":"::1","username":"454"},"ip":"::1","uri":"\/Money%20Collection%202K\/auth\/login"}
{"timestamp":"2026-09-13 14:12:35","level":"WARNING","message":"Failed login attempt","context":{"ip":"::1","username":"454"},"ip":"::1","uri":"\/Money%20Collection%202K\/backend\/auth\/login.php"}
{"timestamp":"2026-09-13 14:12:37","level":"WARNING","message":"Failed login attempt","context":{"ip":"::1","username":"admin"},"ip":"::1","uri":"\/Money%20Collection%202K\/backend\/auth\/login.php"}
{"timestamp":"2026-09-13 14:12:38","level":"WARNING","message":"Failed login attempt","context":{"ip":"::1","username":"admin"},"ip":"::1","uri":"\/Money%20Collection%202K\/backend\/auth\/login.php"}
{"timestamp":"2026-09-13 14:12:38","level":"WARNING","message":"Failed login attempt","context":{"ip":"::1","username":"admin"},"ip":"::1","uri":"\/Money%20Collection%202K\/backend\/auth\/login.php"}
{"timestamp":"2026-09-13 14:12:38","level":"WARNING","message":"Brute-force login attempt blocked","context":{"ip":"::1","username":"admin"},"ip":"::1","uri":"\/Money%20Collection%202K\/backend\/auth\/login.php"}
{"timestamp":"2026-09-13 14:12:38","level":"WARNING","message":"Brute-force login attempt blocked","context":{"ip":"::1","username":"admin"},"ip":"::1","uri":"\/Money%20Collection%202K\/backend\/auth\/login.php"}
{"timestamp":"2026-09-13 14:12:38","level":"WARNING","message":"Brute-force login attempt blocked","context":{"ip":"::1","username":"admin"},"ip":"::1","uri":"\/Money%20Collection%202K\/backend\/auth\/login.php"}
{"timestamp":"2026-09-13 14:12:38","level":"WARNING","message":"Brute-force login attempt blocked","context":{"ip":"::1","username":"admin"},"ip":"::1","uri":"\/Money%20Collection%202K\/backend\/auth\/login.php"}
{"timestamp":"2026-09-13 14:12:38","level":"WARNING","message":"Brute-force login attempt blocked","context":{"ip":"::1","username":"admin"},"ip":"::1","uri":"\/Money%20Collection%202K\/backend\/auth\/login.php"}
{"timestamp":"2026-09-13 14:12:38","level":"WARNING","message":"Brute-force login attempt blocked","context":{"ip":"::1","username":"admin"},"ip":"::1","uri":"\/Money%20Collection%202K\/backend\/auth\/login.php"}
{"timestamp":"2026-09-13 14:12:38","level":"WARNING","message":"Brute-force login attempt blocked","context":{"ip":"::1","username":"admin"},"ip":"::1","uri":"\/Money%20Collection%202K\/backend\/auth\/login.php"}
{"timestamp":"2026-09-13 14:12:39","level":"WARNING","message":"Brute-force login attempt blocked","context":{"ip":"::1","username":"subham"},"ip":"::1","uri":"\/Money%20Collection%202K\/backend\/auth\/login.php"}
{"timestamp":"2026-09-13 14:12:39","level":"WARNING","message":"Brute-force login attempt blocked","context":{"ip":"::1","username":"subham"},"ip":"::1","uri":"\/Money%20Collection%202K\/backend\/auth\/login.php"}
{"timestamp":"2026-09-13 14:12:39","level":"WARNING","message":"Brute-force login attempt blocked","context":{"ip":"::1","username":"subham"},"ip":"::1","uri":"\/Money%20Collection%202K\/backend\/auth\/login.php"}
{"timestamp":"2026-09-13 14:12:39","level":"WARNING","message":"Brute-force login attempt blocked","context":{"ip":"::1","username":"subham"},"ip":"::1","uri":"\/Money%20Collection%202K\/backend\/auth\/login.php"}
{"timestamp":"2026-09-13 14:12:39","level":"WARNING","message":"Brute-force login attempt blocked","context":{"ip":"::1","username":"subham"},"ip":"::1","uri":"\/Money%20Collection%202K\/backend\/auth\/login.php"}
{"timestamp":"2026-09-13 14:12:39","level":"WARNING","message":"Brute-force login attempt blocked","context":{"ip":"::1","username":"subham"},"ip":"::1","uri":"\/Money%20Collection%202K\/backend\/auth\/login.php"}
{"timestamp":"2026-09-13 14:12:39","level":"WARNING","message":"Brute-force login attempt blocked","context":{"ip":"::1","username":"subham"},"ip":"::1","uri":"\/Money%20Collection%202K\/backend\/auth\/login.php"}
{"timestamp":"2026-09-13 14:12:39","level":"WARNING","message":"Brute-force login attempt blocked","context":{"ip":"::1","username":"subham"},"ip":"::1","uri":"\/Money%20Collection%202K\/backend\/auth\/login.php"}
{"timestamp":"2026-09-13 14:12:39","level":"WARNING","message":"Brute-force login attempt blocked","context":{"ip":"::1","username":"subham"},"ip":"::1","uri":"\/Money%20Collection%202K\/backend\/auth\/login.php"}
{"timestamp":"2026-09-13 14:12:39","level":"WARNING","message":"Brute-force login attempt blocked","context":{"ip":"::1","username":"subham"},"ip":"::1","uri":"\/Money%20Collection%202K\/backend\/auth\/login.php"}
{"timestamp":"2026-09-13 14:12:39","level":"WARNING","message":"Brute-force login attempt blocked","context":{"ip":"::1","username":"1"},"ip":"::1","uri":"\/Money%20Collection%202K\/backend\/auth\/login.php"}
{"timestamp":"2026-09-13 14:12:39","level":"WARNING","message":"Brute-force login attempt blocked","context":{"ip":"::1","username":"1"},"ip":"::1","uri":"\/Money%20Collection%202K\/backend\/auth\/login.php"}
{"timestamp":"2026-09-13 14:12:40","level":"WARNING","message":"Brute-force login attempt blocked","context":{"ip":"::1","username":"1"},"ip":"::1","uri":"\/Money%20Collection%202K\/backend\/auth\/login.php"}
{"timestamp":"2026-09-13 14:12:40","level":"WARNING","message":"Brute-force login attempt blocked","context":{"ip":"::1","username":"1"},"ip":"::1","uri":"\/Money%20Collection%202K\/backend\/auth\/login.php"}
{"timestamp":"2026-09-13 14:12:40","level":"WARNING","message":"Brute-force login attempt blocked","context":{"ip":"::1","username":"1"},"ip":"::1","uri":"\/Money%20Collection%202K\/backend\/auth\/login.php"}
{"timestamp":"2026-09-13 14:12:40","level":"WARNING","message":"Brute-force login attempt blocked","context":{"ip":"::1","username":"1"},"ip":"::1","uri":"\/Money%20Collection%202K\/backend\/auth\/login.php"}
{"timestamp":"2026-09-13 14:12:40","level":"WARNING","message":"Brute-force login attempt blocked","context":{"ip":"::1","username":"1"},"ip":"::1","uri":"\/Money%20Collection%202K\/backend\/auth\/login.php"}
{"timestamp":"2026-09-13 14:12:40","level":"WARNING","message":"Brute-force login attempt blocked","context":{"ip":"::1","username":"1"},"ip":"::1","uri":"\/Money%20Collection%202K\/backend\/auth\/login.php"}
{"timestamp":"2026-09-13 14:12:40","level":"WARNING","message":"Brute-force login attempt blocked","context":{"ip":"::1","username":"1"},"ip":"::1","uri":"\/Money%20Collection%202K\/backend\/auth\/login.php"}
{"timestamp":"2026-09-13 14:12:40","level":"WARNING","message":"Brute-force login attempt blocked","context":{"ip":"::1","username":"1"},"ip":"::1","uri":"\/Money%20Collection%202K\/backend\/auth\/login.php"}
{"timestamp":"2026-09-13 14:12:40","level":"WARNING","message":"Brute-force login attempt blocked","context":{"ip":"::1","username":"454"},"ip":"::1","uri":"\/Money%20Collection%202K\/backend\/auth\/login.php"}
{"timestamp":"2026-09-13 14:12:40","level":"WARNING","message":"Brute-force login attempt blocked","context":{"ip":"::1","username":"454"},"ip":"::1","uri":"\/Money%20Collection%202K\/backend\/auth\/login.php"}
{"timestamp":"2026-09-13 14:12:40","level":"WARNING","message":"Brute-force login attempt blocked","context":{"ip":"::1","username":"454"},"ip":"::1","uri":"\/Money%20Collection%202K\/backend\/auth\/login.php"}
{"timestamp":"2026-09-13 14:12:40","level":"WARNING","message":"Brute-force login attempt blocked","context":{"ip":"::1","username":"454"},"ip":"::1","uri":"\/Money%20Collection%202K\/backend\/auth\/login.php"}
{"timestamp":"2026-09-13 14:12:41","level":"WARNING","message":"Brute-force login attempt blocked","context":{"ip":"::1","username":"454"},"ip":"::1","uri":"\/Money%20Collection%202K\/backend\/auth\/login.php"}
{"timestamp":"2026-09-13 14:12:41","level":"WARNING","message":"Brute-force login attempt blocked","context":{"ip":"::1","username":"454"},"ip":"::1","uri":"\/Money%20Collection%202K\/backend\/auth\/login.php"}
{"timestamp":"2026-09-13 14:12:41","level":"WARNING","message":"Brute-force login attempt blocked","context":{"ip":"::1","username":"454"},"ip":"::1","uri":"\/Money%20Collection%202K\/backend\/auth\/login.php"}
{"timestamp":"2026-09-13 14:12:41","level":"WARNING","message":"Brute-force login attempt blocked","context":{"ip":"::1","username":"454"},"ip":"::1","uri":"\/Money%20Collection%202K\/backend\/auth\/login.php"}
{"timestamp":"2026-09-13 14:12:41","level":"WARNING","message":"Brute-force login attempt blocked","context":{"ip":"::1","username":"454"},"ip":"::1","uri":"\/Money%20Collection%202K\/backend\/auth\/login.php"}
{"timestamp":"2026-09-13 14:12:41","level":"WARNING","message":"Brute-force login attempt blocked","context":{"ip":"::1","username":"454"},"ip":"::1","uri":"\/Money%20Collection%202K\/backend\/auth\/login.php"}
{"timestamp":"2026-09-13 14:12:41","level":"WARNING","message":"Brute-force login attempt blocked","context":{"ip":"::1","username":"teacher"},"ip":"::1","uri":"\/Money%20Collection%202K\/backend\/auth\/login.php"}
{"timestamp":"2026-09-13 14:12:41","level":"WARNING","message":"Brute-force login attempt blocked","context":{"ip":"::1","username":"teacher"},"ip":"::1","uri":"\/Money%20Collection%202K\/backend\/auth\/login.php"}
{"timestamp":"2026-09-13 14:12:41","level":"WARNING","message":"Brute-force login attempt blocked","context":{"ip":"::1","username":"teacher"},"ip":"::1","uri":"\/Money%20Collection%202K\/backend\/auth\/login.php"}
{"timestamp":"2026-09-13 14:12:41","level":"WARNING","message":"Brute-force login attempt blocked","context":{"ip":"::1","username":"teacher"},"ip":"::1","uri":"\/Money%20Collection%202K\/backend\/auth\/login.php"}
{"timestamp":"2026-09-13 14:12:41","level":"WARNING","message":"Brute-force login attempt blocked","context":{"ip":"::1","username":"teacher"},"ip":"::1","uri":"\/Money%20Collection%202K\/backend\/auth\/login.php"}
{"timestamp":"2026-09-13 14:12:41","level":"WARNING","message":"Brute-force login attempt blocked","context":{"ip":"::1","username":"teacher"},"ip":"::1","uri":"\/Money%20Collection%202K\/backend\/auth\/login.php"}
{"timestamp":"2026-09-13 14:12:41","level":"WARNING","message":"Brute-force login attempt blocked","context":{"ip":"::1","username":"teacher"},"ip":"::1","uri":"\/Money%20Collection%202K\/backend\/auth\/login.php"}
{"timestamp":"2026-09-13 14:12:42","level":"WARNING","message":"Brute-force login attempt blocked","context":{"ip":"::1","username":"teacher"},"ip":"::1","uri":"\/Money%20Collection%202K\/backend\/auth\/login.php"}
{"timestamp":"2026-09-13 14:12:42","level":"WARNING","message":"Brute-force login attempt blocked","context":{"ip":"::1","username":"teacher"},"ip":"::1","uri":"\/Money%20Collection%202K\/backend\/auth\/login.php"}
{"timestamp":"2026-09-13 14:12:42","level":"WARNING","message":"Brute-force login attempt blocked","context":{"ip":"::1","username":"teacher"},"ip":"::1","uri":"\/Money%20Collection%202K\/backend\/auth\/login.php"}
{"timestamp":"2026-09-13 14:12:42","level":"WARNING","message":"Brute-force login attempt blocked","context":{"ip":"::1","username":"user"},"ip":"::1","uri":"\/Money%20Collection%202K\/backend\/auth\/login.php"}
{"timestamp":"2026-09-13 14:12:42","level":"WARNING","message":"Brute-force login attempt blocked","context":{"ip":"::1","username":"user"},"ip":"::1","uri":"\/Money%20Collection%202K\/backend\/auth\/login.php"}
{"timestamp":"2026-09-13 14:12:42","level":"WARNING","message":"Brute-force login attempt blocked","context":{"ip":"::1","username":"user"},"ip":"::1","uri":"\/Money%20Collection%202K\/backend\/auth\/login.php"}
{"timestamp":"2026-09-13 14:12:42","level":"WARNING","message":"Brute-force login attempt blocked","context":{"ip":"::1","username":"user"},"ip":"::1","uri":"\/Money%20Collection%202K\/backend\/auth\/login.php"}
{"timestamp":"2026-09-13 14:12:42","level":"WARNING","message":"Brute-force login attempt blocked","context":{"ip":"::1","username":"user"},"ip":"::1","uri":"\/Money%20Collection%202K\/backend\/auth\/login.php"}
{"timestamp":"2026-09-13 14:12:42","level":"WARNING","message":"Brute-force login attempt blocked","context":{"ip":"::1","username":"user"},"ip":"::1","uri":"\/Money%20Collection%202K\/backend\/auth\/login.php"}
{"timestamp":"2026-09-13 14:12:42","level":"WARNING","message":"Brute-force login attempt blocked","context":{"ip":"::1","username":"user"},"ip":"::1","uri":"\/Money%20Collection%202K\/backend\/auth\/login.php"}
{"timestamp":"2026-09-13 14:12:42","level":"WARNING","message":"Brute-force login attempt blocked","context":{"ip":"::1","username":"user"},"ip":"::1","uri":"\/Money%20Collection%202K\/backend\/auth\/login.php"}
{"timestamp":"2026-09-13 14:12:42","level":"WARNING","message":"Brute-force login attempt blocked","context":{"ip":"::1","username":"user"},"ip":"::1","uri":"\/Money%20Collection%202K\/backend\/auth\/login.php"}
{"timestamp":"2026-09-13 14:12:42","level":"WARNING","message":"Brute-force login attempt blocked","context":{"ip":"::1","username":"user"},"ip":"::1","uri":"\/Money%20Collection%202K\/backend\/auth\/login.php"}
{"timestamp":"2026-09-13 14:12:42","level":"WARNING","message":"Brute-force login attempt blocked","context":{"ip":"::1","username":"demo"},"ip":"::1","uri":"\/Money%20Collection%202K\/backend\/auth\/login.php"}
{"timestamp":"2026-09-13 14:12:42","level":"WARNING","message":"Brute-force login attempt blocked","context":{"ip":"::1","username":"demo"},"ip":"::1","uri":"\/Money%20Collection%202K\/backend\/auth\/login.php"}
{"timestamp":"2026-09-13 14:12:42","level":"WARNING","message":"Brute-force login attempt blocked","context":{"ip":"::1","username":"demo"},"ip":"::1","uri":"\/Money%20Collection%202K\/backend\/auth\/login.php"}
{"timestamp":"2026-09-13 14:12:43","level":"WARNING","message":"Brute-force login attempt blocked","context":{"ip":"::1","username":"demo"},"ip":"::1","uri":"\/Money%20Collection%202K\/backend\/auth\/login.php"}
{"timestamp":"2026-09-13 14:12:43","level":"WARNING","message":"Brute-force login attempt blocked","context":{"ip":"::1","username":"demo"},"ip":"::1","uri":"\/Money%20Collection%202K\/backend\/auth\/login.php"}
{"timestamp":"2026-09-13 14:12:43","level":"WARNING","message":"Brute-force login attempt blocked","context":{"ip":"::1","username":"demo"},"ip":"::1","uri":"\/Money%20Collection%202K\/backend\/auth\/login.php"}
{"timestamp":"2026-09-13 14:12:43","level":"WARNING","message":"Brute-force login attempt blocked","context":{"ip":"::1","username":"demo"},"ip":"::1","uri":"\/Money%20Collection%202K\/backend\/auth\/login.php"}
{"timestamp":"2026-09-13 14:12:43","level":"WARNING","message":"Brute-force login attempt blocked","context":{"ip":"::1","username":"demo"},"ip":"::1","uri":"\/Money%20Collection%202K\/backend\/auth\/login.php"}
{"timestamp":"2026-09-13 14:12:43","level":"WARNING","message":"Brute-force login attempt blocked","context":{"ip":"::1","username":"demo"},"ip":"::1","uri":"\/Money%20Collection%202K\/backend\/auth\/login.php"}
{"timestamp":"2026-09-13 14:12:43","level":"WARNING","message":"Brute-force login attempt blocked","context":{"ip":"::1","username":"demo"},"ip":"::1","uri":"\/Money%20Collection%202K\/backend\/auth\/login.php"}
{"timestamp":"2026-09-13 14:12:43","level":"WARNING","message":"Brute-force login attempt blocked","context":{"ip":"::1","username":"master"},"ip":"::1","uri":"\/Money%20Collection%202K\/backend\/auth\/login.php"}
{"timestamp":"2026-09-13 14:12:43","level":"WARNING","message":"Brute-force login attempt blocked","context":{"ip":"::1","username":"master"},"ip":"::1","uri":"\/Money%20Collection%202K\/backend\/auth\/login.php"}
{"timestamp":"2026-09-13 14:12:43","level":"WARNING","message":"Brute-force login attempt blocked","context":{"ip":"::1","username":"master"},"ip":"::1","uri":"\/Money%20Collection%202K\/backend\/auth\/login.php"}
{"timestamp":"2026-09-13 14:12:43","level":"WARNING","message":"Brute-force login attempt blocked","context":{"ip":"::1","username":"master"},"ip":"::1","uri":"\/Money%20Collection%202K\/backend\/auth\/login.php"}
{"timestamp":"2026-09-13 14:12:43","level":"WARNING","message":"Brute-force login attempt blocked","context":{"ip":"::1","username":"master"},"ip":"::1","uri":"\/Money%20Collection%202K\/backend\/auth\/login.php"}
{"timestamp":"2026-09-13 14:12:43","level":"WARNING","message":"Brute-force login attempt blocked","context":{"ip":"::1","username":"master"},"ip":"::1","uri":"\/Money%20Collection%202K\/backend\/auth\/login.php"}
{"timestamp":"2026-09-13 14:12:44","level":"WARNING","message":"Brute-force login attempt blocked","context":{"ip":"::1","username":"master"},"ip":"::1","uri":"\/Money%20Collection%202K\/backend\/auth\/login.php"}
{"timestamp":"2026-09-13 14:12:44","level":"WARNING","message":"Brute-force login attempt blocked","context":{"ip":"::1","username":"master"},"ip":"::1","uri":"\/Money%20Collection%202K\/backend\/auth\/login.php"}
{"timestamp":"2026-09-13 14:12:44","level":"WARNING","message":"Brute-force login attempt blocked","context":{"ip":"::1","username":"master"},"ip":"::1","uri":"\/Money%20Collection%202K\/backend\/auth\/login.php"}
{"timestamp":"2026-09-13 14:12:44","level":"WARNING","message":"Brute-force login attempt blocked","context":{"ip":"::1","username":"master"},"ip":"::1","uri":"\/Money%20Collection%202K\/backend\/auth\/login.php"}
{"timestamp":"2026-09-13 14:12:44","level":"WARNING","message":"Brute-force login attempt blocked","context":{"ip":"::1","username":"skmal"},"ip":"::1","uri":"\/Money%20Collection%202K\/backend\/auth\/login.php"}
{"timestamp":"2026-09-13 14:12:44","level":"WARNING","message":"Brute-force login attempt blocked","context":{"ip":"::1","username":"skmal"},"ip":"::1","uri":"\/Money%20Collection%202K\/backend\/auth\/login.php"}
{"timestamp":"2026-09-13 14:12:44","level":"WARNING","message":"Brute-force login attempt blocked","context":{"ip":"::1","username":"skmal"},"ip":"::1","uri":"\/Money%20Collection%202K\/backend\/auth\/login.php"}
{"timestamp":"2026-09-13 14:12:44","level":"WARNING","message":"Brute-force login attempt blocked","context":{"ip":"::1","username":"skmal"},"ip":"::1","uri":"\/Money%20Collection%202K\/backend\/auth\/login.php"}
{"timestamp":"2026-09-13 14:12:44","level":"WARNING","message":"Brute-force login attempt blocked","context":{"ip":"::1","username":"skmal"},"ip":"::1","uri":"\/Money%20Collection%202K\/backend\/auth\/login.php"}
{"timestamp":"2026-09-13 14:12:44","level":"WARNING","message":"Brute-force login attempt blocked","context":{"ip":"::1","username":"skmal"},"ip":"::1","uri":"\/Money%20Collection%202K\/backend\/auth\/login.php"}
{"timestamp":"2026-09-13 14:12:44","level":"WARNING","message":"Brute-force login attempt blocked","context":{"ip":"::1","username":"skmal"},"ip":"::1","uri":"\/Money%20Collection%202K\/backend\/auth\/login.php"}
{"timestamp":"2026-09-13 14:12:44","level":"WARNING","message":"Brute-force login attempt blocked","context":{"ip":"::1","username":"skmal"},"ip":"::1","uri":"\/Money%20Collection%202K\/backend\/auth\/login.php"}
{"timestamp":"2026-09-13 14:12:44","level":"WARNING","message":"Brute-force login attempt blocked","context":{"ip":"::1","username":"skmal"},"ip":"::1","uri":"\/Money%20Collection%202K\/backend\/auth\/login.php"}
{"timestamp":"2026-09-13 14:12:44","level":"WARNING","message":"Brute-force login attempt blocked","context":{"ip":"::1","username":"skmal"},"ip":"::1","uri":"\/Money%20Collection%202K\/backend\/auth\/login.php"}
{"timestamp":"2026-09-13 14:12:55","level":"WARNING","message":"Brute-force login attempt blocked","context":{"ip":"::1","username":"454"},"ip":"::1","uri":"\/Money%20Collection%202K\/auth\/login"}
{"timestamp":"2026-09-13 14:12:57","level":"WARNING","message":"Brute-force login attempt blocked","context":{"ip":"::1","username":"454"},"ip":"::1","uri":"\/Money%20Collection%202K\/auth\/login"}
{"timestamp":"2026-09-13 14:12:58","level":"WARNING","message":"Brute-force login attempt blocked","context":{"ip":"::1","username":"454"},"ip":"::1","uri":"\/Money%20Collection%202K\/auth\/login"}
{"timestamp":"2026-09-13 14:12:59","level":"WARNING","message":"Brute-force login attempt blocked","context":{"ip":"::1","username":"454"},"ip":"::1","uri":"\/Money%20Collection%202K\/auth\/login"}
{"timestamp":"2026-09-13 14:12:59","level":"WARNING","message":"Brute-force login attempt blocked","context":{"ip":"::1","username":"454"},"ip":"::1","uri":"\/Money%20Collection%202K\/auth\/login"}
{"timestamp":"2026-09-13 14:13:02","level":"WARNING","message":"Brute-force login attempt blocked","context":{"ip":"::1","username":"454"},"ip":"::1","uri":"\/Money%20Collection%202K\/auth\/login"}
{"timestamp":"2026-09-13 14:13:04","level":"WARNING","message":"Brute-force login attempt blocked","context":{"ip":"::1","username":"454"},"ip":"::1","uri":"\/Money%20Collection%202K\/auth\/login"}
{"timestamp":"2026-09-13 14:23:26","level":"INFO","message":"Successful login","context":{"username":"454"},"ip":"::1","uri":"\/Money%20Collection%202K\/backend\/auth\/login.php"}
{"timestamp":"2026-09-13 19:40:06","level":"WARNING","message":"Failed login attempt","context":{"ip":"::1","username":"admin"},"ip":"::1","uri":"\/Money%20Collection%202K\/auth\/login"}
{"timestamp":"2026-09-13 19:40:11","level":"WARNING","message":"Failed login attempt","context":{"ip":"::1","username":"admin"},"ip":"::1","uri":"\/Money%20Collection%202K\/auth\/login"}
{"timestamp":"2026-09-13 19:40:21","level":"INFO","message":"Successful login","context":{"username":"454"},"ip":"::1","uri":"\/Money%20Collection%202K\/auth\/login"}
